Script started on 2022-05-30 10:59:03+05:30 [TERM="xterm-256color" TTY="/dev/pts/0" COLUMNS="120" LINES="30"]
]0;navin@TIGER02539: ~[01;32mnavin@TIGER02539[00m:[01;34m~[00m$ cd /mnt/c
]0;navin@TIGER02539: /mnt/c[01;32mnavin@TIGER02539[00m:[01;34m/mnt/c[00m$ cd Users[Ks
]0;navin@TIGER02539: /mnt/c/Users[01;32mnavin@TIGER02539[00m:[01;34m/mnt/c/Users[00m$ cd navin.kodam
]0;navin@TIGER02539: /mnt/c/Users/navin.kodam[01;32mnavin@TIGER02539[00m:[01;34m/mnt/c/Users/navin.kodam[00m$ cd my_project
]0;navin@TIGER02539: /mnt/c/Users/navin.kodam/my_project[01;32mnavin@TIGER02539[00m:[01;34m/mnt/c/Users/navin.kodam/my_project[00m$ git init
Initialized empty Git repository in /mnt/c/Users/navin.kodam/my_project/.git/
]0;navin@TIGER02539: /mnt/c/Users/navin.kodam/my_project[01;32mnavin@TIGER02539[00m:[01;34m/mnt/c/Users/navin.kodam/my_project[00m$ git add *.c
fatal: pathspec '*.c' did not match any files
]0;navin@TIGER02539: /mnt/c/Users/navin.kodam/my_project[01;32mnavin@TIGER02539[00m:[01;34m/mnt/c/Users/navin.kodam/my_project[00m$ git add *.c[K[K[KLICENSE[KCE[K[KE
fatal: pathspec 'LICENSE' did not match any files
]0;navin@TIGER02539: /mnt/c/Users/navin.kodam/my_project[01;32mnavin@TIGER02539[00m:[01;34m/mnt/c/Users/navin.kodam/my_project[00m$ touch project.tct[K[Kxt
]0;navin@TIGER02539: /mnt/c/Users/navin.kodam/my_project[01;32mnavin@TIGER02539[00m:[01;34m/mnt/c/Users/navin.kodam/my_project[00m$ git add *.c
fatal: pathspec '*.c' did not match any files
]0;navin@TIGER02539: /mnt/c/Users/navin.kodam/my_project[01;32mnavin@TIGER02539[00m:[01;34m/mnt/c/Users/navin.kodam/my_project[00m$ git add .
]0;navin@TIGER02539: /mnt/c/Users/navin.kodam/my_project[01;32mnavin@TIGER02539[00m:[01;34m/mnt/c/Users/navin.kodam/my_project[00m$ git add LICENSE
fatal: pathspec 'LICENSE' did not match any files
]0;navin@TIGER02539: /mnt/c/Users/navin.kodam/my_project[01;32mnavin@TIGER02539[00m:[01;34m/mnt/c/Users/navin.kodam/my_project[00m$ git commit -m ''I'n'i't'i'a'l' 'P'r'o'j'e'c't' 'V'e'r's'i'o'n'

*** Please tell me who you are.

Run

  git config --global user.email "you@example.com"
  git config --global user.name "Your Name"

to set your account's default identity.
Omit --global to set the identity only in this repository.

fatal: empty ident name (for <navin@TIGER02539.tigeranalytics.local>) not allowed
]0;navin@TIGER02539: /mnt/c/Users/navin.kodam/my_project[01;32mnavin@TIGER02539[00m:[01;34m/mnt/c/Users/navin.kodam/my_project[00m$ git config --global user,[K.email ""k"[1P"n"a"v"i"n"."k"o"d"a"m"@"t"i"g"e"r"a"n"a"l"y"t"i"c"s"."c"o"m"
]0;navin@TIGER02539: /mnt/c/Users/navin.kodam/my_project[01;32mnavin@TIGER02539[00m:[01;34m/mnt/c/Users/navin.kodam/my_project[00m$ f[Kgt[Kit cong[Kfig --global navin.kodamu navin.kodam[1P navin.kodam[C navin.kodamu navin.kodams navin.kodame navin.kodamr navin.kodam. navin.kodamn navin.kodama navin.kodamm navin.kodame navin.kodam[C[C"navin.kodam[C[C[C[C[C[C[C[C[C[C[C"
]0;navin@TIGER02539: /mnt/c/Users/navin.kodam/my_project[01;32mnavin@TIGER02539[00m:[01;34m/mnt/c/Users/navin.kodam/my_project[00m$ git config --global user.name "navin.kodam"email "navin.kodam@tigeranalytics.com"[24Pmmit -m 'Initial Project Version'
[master (root-commit) fce048d] Initial Project Version
 1 file changed, 0 insertions(+), 0 deletions(-)
 create mode 100644 project.txt
]0;navin@TIGER02539: /mnt/c/Users/navin.kodam/my_project[01;32mnavin@TIGER02539[00m:[01;34m/mnt/c/Users/navin.kodam/my_project[00m$ git status
On branch master
nothing to commit, working tree clean
]0;navin@TIGER02539: /mnt/c/Users/navin.kodam/my_project[01;32mnavin@TIGER02539[00m:[01;34m/mnt/c/Users/navin.kodam/my_project[00m$ git log
[?1h=[33mcommit fce048ddac55729451809b98cb4896b41bf216d3[m[33m ([m[1;36mHEAD -> [m[1;32mmaster[m[33m)[m[m
Author: navin.kodam <navin.kodam@tigeranalytics.com>[m
Date:   Mon May 30 11:12:57 2022 +0530[m
[m
    Initial Project Version[m
[K[?1l>]0;navin@TIGER02539: /mnt/c/Users/navin.kodam/my_project[01;32mnavin@TIGER02539[00m:[01;34m/mnt/c/Users/navin.kodam/my_project[00m$ git origin git remotr [K[Ke add[K[K[K[K[K[K[K[K[K[K[K[K[K[K[K[K[K[K[K[K[K[K[K[K[Kgit remote add origin ^?[K[K [K https://github.com/navin-tiger/my_firt[Kst_proj ect.git
]0;navin@TIGER02539: /mnt/c/Users/navin.kodam/my_project[01;32mnavin@TIGER02539[00m:[01;34m/mnt/c/Users/navin.kodam/my_project[00m$ git remote -v
origin	https://github.com/navin-tiger/my_first_project.git (fetch)
origin	https://github.com/navin-tiger/my_first_project.git (push)
]0;navin@TIGER02539: /mnt/c/Users/navin.kodam/my_project[01;32mnavin@TIGER02539[00m:[01;34m/mnt/c/Users/navin.kodam/my_project[00m$ git push p[Korigin master
Username for 'https://github.com': navin-tiger
Password for 'https://navin-tiger@github.com': 
remote: Support for password authentication was removed on August 13, 2021. Please use a personal access token instead.
remote: Please see https://github.blog/2020-12-15-token-authentication-requirements-for-git-operations/ for more information.
fatal: Authentication failed for 'https://github.com/navin-tiger/my_first_project.git/'
]0;navin@TIGER02539: /mnt/c/Users/navin.kodam/my_project[01;32mnavin@TIGER02539[00m:[01;34m/mnt/c/Users/navin.kodam/my_project[00m$ git push origin master
Username for 'https://github.com': navin-tiger
Password for 'https://navin-tiger@github.com': 
remote: Support for password authentication was removed on August 13, 2021. Please use a personal access token instead.
remote: Please see https://github.blog/2020-12-15-token-authentication-requirements-for-git-operations/ for more information.
fatal: Authentication failed for 'https://github.com/navin-tiger/my_first_project.git/'
]0;navin@TIGER02539: /mnt/c/Users/navin.kodam/my_project[01;32mnavin@TIGER02539[00m:[01;34m/mnt/c/Users/navin.kodam/my_project[00m$ git push origin master
Username for 'https://github.com': navin-tiger
Password for 'https://navin-tiger@github.com': 
remote: Support for password authentication was removed on August 13, 2021. Please use a personal access token instead.
remote: Please see https://github.blog/2020-12-15-token-authentication-requirements-for-git-operations/ for more information.
fatal: Authentication failed for 'https://github.com/navin-tiger/my_first_project.git/'
]0;navin@TIGER02539: /mnt/c/Users/navin.kodam/my_project[01;32mnavin@TIGER02539[00m:[01;34m/mnt/c/Users/navin.kodam/my_project[00m$ git push origin master[9Premote -vpush origin master
Username for 'https://github.com': navin, .koda, m
Password for 'https://navin.kodam@github.com': 
remote: Support for password authentication was removed on August 13, 2021. Please use a personal access token instead.
remote: Please see https://github.blog/2020-12-15-token-authentication-requirements-for-git-operations/ for more information.
fatal: Authentication failed for 'https://github.com/navin-tiger/my_first_project.git/'
]0;navin@TIGER02539: /mnt/c/Users/navin.kodam/my_project[01;32mnavin@TIGER02539[00m:[01;34m/mnt/c/Users/navin.kodam/my_project[00m$ git push origin master[9Premote -vadd origin https://github.com/navin-tiger/my_first_project.git[A]0;navin@TIGER02539: /mnt/c/Users/navin.kodam/my_project[01;32mnavin@TIGER02539[00m:[01;34m/mnt/c/Users/navin.kodam/my_project[00m$ [C[C[C[Clog[K
[K[A[C[C[C[C[C[C[C[C[C[C[C[C[C[C[C[C[C[C[C[C[C[C[C[C[C[C[C[C[C[C[C[C[C[C[C[C[C[C[C[C[C[C[C[C[C[C[C[C[C[C[C[C[C[C[C[C[C[C[C[C[Cstatuscommit -m 'Initial Project Version'nfig --global user.name "navin.kodam"email "navin.kodam@tigeranalytics.com"[24Pmmit -m 'Initial Project Version'add LICENSE[K.[KLICENSEcommit -m 'Initial Project Version'nfig --global user.email "navin.kodam@tigeranalytics.com"[20Pname "navin.kodam"[4Pmmit -m 'Initial Project Version'status[K[3Plogremote add origin https://github.com/navin-tiger/my_first_project.git[A]0;navin@TIGER02539: /mnt/c/Users/navin.kodam/my_project[01;32mnavin@TIGER02539[00m:[01;34m/mnt/c/Users/navin.kodam/my_project[00m$ [C[C[C[C[C[C[C[C[C[C[C-v[K
[K[A[C[C[C[C[C[C[C[C[C[C[C[C[C[C[C[C[C[C[C[C[C[C[C[C[C[C[C[C[C[C[C[C[C[C[C[C[C[C[C[C[C[C[C[C[C[C[C[C[C[C[C[C[C[C[C[C[C[C[C[C[C[C[C[C[C[C[Cpush origin master[C[1@ [1@-[1@u
Username for 'https://github.com': navin-tiger
Password for 'https://navin-tiger@github.com': 
remote: Support for password authentication was removed on August 13, 2021. Please use a personal access token instead.
remote: Please see https://github.blog/2020-12-15-token-authentication-requirements-for-git-operations/ for more information.
fatal: Authentication failed for 'https://github.com/navin-tiger/my_first_project.git/'
]0;navin@TIGER02539: /mnt/c/Users/navin.kodam/my_project[01;32mnavin@TIGER02539[00m:[01;34m/mnt/c/Users/navin.kodam/my_project[00m$ git push -u origin master[3P[C[C[C[C[C[C[C[C[C[C[C[C[C[9Premote -vadd origin https://github.com/navin-tiger/my_first_project.git[A[C[C[C[C[C[C[C[C[C[C[C[C[C[C[C[C[C[C[C[C[C[C[C[C[C[C[C[C[C[C[C[C[C[C[C[C[C[C[C[C[C[C[C[C[C[C[C[C[C[C[C[C[C[C[C[C[C[C[C[C[C[C[C[C[C[C[C[C[C[C[C[C[C[C[C[C[C[C[C[C[C[C[C[C[C[C[C[C[C[C[C[C[C[C[C[C[C[C[C[C[C[C[C[C[C[C[C[C[C[C[C[C[C[C[C[C[C[C[C[C add origin https://github.com/navin-tiger/my_first_project.git[A]0;navin@TIGER02539: /mnt/c/Users/navin.kodam/my_project[01;32mnavin@TIGER02539[00m:[01;34m/mnt/c/Users/navin.kodam/my_project[00m$ [C[C[C[C[C[C[C[C[C[C[Cs add origin https://github.com/navin-tiger/my_first_project.git[A]0;navin@TIGER02539: /mnt/c/Users/navin.kodam/my_project[01;32mnavin@TIGER02539[00m:[01;34m/mnt/c/Users/navin.kodam/my_project[00m$ [C[C[C[C[C[C[C[C[C[C[C[Ce add origin https://github.com/navin-tiger/my_first_project.git[A]0;navin@TIGER02539: /mnt/c/Users/navin.kodam/my_project[01;32mnavin@TIGER02539[00m:[01;34m/mnt/c/Users/navin.kodam/my_project[00m$ [C[C[C[C[C[C[C[C[C[C[C[C[Ct add origin https://github.com/navin-tiger/my_first_project.git[A]0;navin@TIGER02539: /mnt/c/Users/navin.kodam/my_project[01;32mnavin@TIGER02539[00m:[01;34m/mnt/c/Users/navin.kodam/my_project[00m$ [C[C[C[C[C[C[C[C[C[C[C[C[C[C- add origin https://github.com/navin-tiger/my_first_project.git[A]0;navin@TIGER02539: /mnt/c/Users/navin.kodam/my_project[01;32mnavin@TIGER02539[00m:[01;34m/mnt/c/Users/navin.kodam/my_project[00m$ [C[C[C[C[C[C[C[C[C[C[C[C[C[C[Cu add origin https://github.com/navin-tiger/my_first_project.git[A]0;navin@TIGER02539: /mnt/c/Users/navin.kodam/my_project[01;32mnavin@TIGER02539[00m:[01;34m/mnt/c/Users/navin.kodam/my_project[00m$ [C[C[C[C[C[C[C[C[C[C[C[C[C[C[C[Cr add origin https://github.com/navin-tiger/my_first_project.git[A]0;navin@TIGER02539: /mnt/c/Users/navin.kodam/my_project[01;32mnavin@TIGER02539[00m:[01;34m/mnt/c/Users/navin.kodam/my_project[00m$ [C[C[C[C[C[C[C[C[C[C[C[C[C[C[C[C[Cl add origin https://github.com/navin-tiger/my_first_project.git[A]0;navin@TIGER02539: /mnt/c/Users/navin.kodam/my_project[01;32mnavin@TIGER02539[00m:[01;34m/mnt/c/Users/navin.kodam/my_project[00m$ [C[C[C[C[C[C[C[C[C[C[C[C[C[C[C[C[C[C[C[C[C[C origin https://github.com/navin-tiger/my_firs[1Pt_project.git[A]0;navin@TIGER02539: /mnt/c/Users/navin.kodam/my_project[01;32mnavin@TIGER02539[00m:[01;34m/mnt/c/Users/navin.kodam/my_project[00m$ [C[C[C[C[C[C[C[C[C[C[C[C[C[C[C[C[C[C[C[C[C origin https://github.com/navin-tiger/my_first[1P_project.git[A]0;navin@TIGER02539: /mnt/c/Users/navin.kodam/my_project[01;32mnavin@TIGER02539[00m:[01;34m/mnt/c/Users/navin.kodam/my_project[00m$ [C[C[C[C[C[C[C[C[C[C[C[C[C[C[C[C[C[C[C[C origin https://github.com/navin-tiger/my_first_[1Pproject.git[A]0;navin@TIGER02539: /mnt/c/Users/navin.kodam/my_project[01;32mnavin@TIGER02539[00m:[01;34m/mnt/c/Users/navin.kodam/my_project[00m$ [C[C[C[C[C[C[C[C[C[C[C[C[C[C[C[C[C[C[Corigin https://github.com/navin-tiger/my_first_p[1Project.git[A]0;navin@TIGER02539: /mnt/c/Users/navin.kodam/my_project[01;32mnavin@TIGER02539[00m:[01;34m/mnt/c/Users/navin.kodam/my_project[00m$ [C[C[C[C[C[C[C[C[C[C[C[C[C[C[C[C[C[C

]0;navin@TIGER02539: /mnt/c/Users/navin.kodam/my_project[01;32mnavin@TIGER02539[00m:[01;34m/mnt/c/Users/navin.kodam/my_project[00m$ git remote set-url origin https://github.com/navin-tiger/my_first_project.git[A]0;navin@TIGER02539: /mnt/c/Users/navin.kodam/my_project[01;32mnavin@TIGER02539[00m:[01;34m/mnt/c/Users/navin.kodam/my_project[00m$ [C[C[C[C[41Ppush -u origin master
[K[A[C[C[C[C[C[C[C[C[C[C[C[C[C[C[C[C[C[C[C[C[C[C[C[C[C[C[C[C[C[C[C[C[C[C[C[C[C[C[C[C[C[C[C[C[C[C[C[C[C[C[C[C[C[C[C[C[C[C[C[C[C[C[C[C[C[C[C[C[C[C[C[C[C[C[C[C[C[C[C[3P[C[C[C[C[C[C[C[C[C[C[C[C[C[9Premote -vadd origin https://github.com/navin-tiger/my_first_project.git[A]0;navin@TIGER02539: /mnt/c/Users/navin.kodam/my_project[01;32mnavin@TIGER02539[00m:[01;34m/mnt/c/Users/navin.kodam/my_project[00m$ [C[C[C[C[C[C[C[C[C[C[C-v[K
[K[A[C[C[C[C[C[C[C[C[C[C[C[C[C[C[C[C[C[C[C[C[C[C[C[C[C[C[C[C[C[C[C[C[C[C[C[C[C[C[C[C[C[C[C[C[C[C[C[C[C[C[C[C[C[C[C[C[C[C[C[C[C[C[C[C[C[C[Cpush origin master[3@-u [C[C[C[C[C[C[C[C[C[C[C[C[C[3P[C[C[C[C[C[C[C[C[C[C[C[C[C[3@-u [C[C[C[C[C[C[C[C[C[C[C[C[C
Username for 'https://github.com': navin-tiger
Password for 'https://navin-tiger@github.com': 
remote: Support for password authentication was removed on August 13, 2021. Please use a personal access token instead.
remote: Please see https://github.blog/2020-12-15-token-authentication-requirements-for-git-operations/ for more information.
fatal: Authentication failed for 'https://github.com/navin-tiger/my_first_project.git/'
]0;navin@TIGER02539: /mnt/c/Users/navin.kodam/my_project[01;32mnavin@TIGER02539[00m:[01;34m/mnt/c/Users/navin.kodam/my_project[00m$ git push -u origin master
Username for 'https://github.com': navin-tiger
Password for 'https://navin-tiger@github.com': 
remote: Support for password authentication was removed on August 13, 2021. Please use a personal access token instead.
remote: Please see https://github.blog/2020-12-15-token-authentication-requirements-for-git-operations/ for more information.
fatal: Authentication failed for 'https://github.com/navin-tiger/my_first_project.git/'
]0;navin@TIGER02539: /mnt/c/Users/navin.kodam/my_project[01;32mnavin@TIGER02539[00m:[01;34m/mnt/c/Users/navin.kodam/my_project[00m$ git push -u origin master[K[K[K[K[K[K[K[K[K[K[K[K[K[K[K[K[K[K[K[K[K[K[K[K[Kgit remote set-url origin https://github.com/navin-tiger/my_first_project.git[1P.git[1P.git[1P.git[1P.git[1P.git[C[C[1P.git[C[1P.git[A[C[C[C[C[C[C[C[C[C[C[C[C[C[C[C[C[C[C[C[C[C[C[C[C[C[C[C[C[C[C[C[C[C[C[C[C[C[C[C[C[C[C[C[C[C[C[C[C[C[C[C[C[C[C[C[C[C[C[C[C[C[C[C[C[C[C[C[C[C[C[C[C[C[C[C[C[C[C[C[C[C[C[C[C[C[C[C[C[C[C[C[C[C[C[C[C[C[C[C[C[C[C[C[C[C[C[C[C[C[C[C[C[C[C[C[C[C[C[C.g[1Pit[A]0;navin@TIGER02539: /mnt/c/Users/navin.kodam/my_project[01;32mnavin@TIGER02539[00m:[01;34m/mnt/c/Users/navin.kodam/my_project[00m$ [C[C[C[C[C[C[C[C[C[C[C[C[C[C[C[C[C[C[C[C[C[C[C[C[C[C[C[C[C[C[C[C[C[C[C[C[C[C[C[C[C[C[C[C[C[C[C[C[C[C[C[C[C[C[C[C[C[C[C[C[C[C[C[C[C.gi[1Pt[A]0;navin@TIGER02539: /mnt/c/Users/navin.kodam/my_project[01;32mnavin@TIGER02539[00m:[01;34m/mnt/c/Users/navin.kodam/my_project[00m$ [C[C[C[C[C[C[C[C[C[C[C[C[C[C[C[C[C[C[C[C[C[C[C[C[C[C[C[C[C[C[C[C[C[C[C[C[C[C[C[C[C[C[C[C[C[C[C[C[C[C[C[C[C[C[C[C[C[C[C[C[C[C[C[C.git[K[A]0;navin@TIGER02539: /mnt/c/Users/navin.kodam/my_project[01;32mnavin@TIGER02539[00m:[01;34m/mnt/c/Users/navin.kodam/my_project[00m$ [C[C[C[C[C[C[C[C[C[C[C[C[C[C[C[C[C[C[C[C[C[C[C[C[C[C[C[C[C[C[C[C[C[C[C[C[C[C[C[C[C[C[C[C[C[C[C[C[C[C[C[C[C[C[C[C[C[C[C[C[C[C[C.git [K[A[C[C[C[C[C[C[C[C[C[C[C[C[C[C[C[C[C[C[C[C[C[C[C[C[C[C[C[C[C[C[C[C[C[C[C[C[C[C[C[C[C[C[C[C[C[C[C[C[C[C[C[C[C[C[C[C[C[C[C[C[C[C[C[C[C[C[C[C[C[C[C[C[C[C[C[C[C[C[C[C[C[C[C[C[C[C[C[C[C[C[C[C[C[C[C[C[C[C[C[C[C[C[C[C[C[C[C[C[C[C[C[C[C[C[C[C[1P.git
[K[A[C[C[C[C[C[C[C[C[C[C[C[C[C[C[C[C[C[C[C[C[C[C[C[C[C[C[C[C[C[C[C[C[C[C[C[C[C[C[C[C[C[C[C[C[C[C[C[C[C[C[C[C[C[C[C[C[C[C[C[C[C[C[C[C[C[C[C[C[C[C[C[C[C[C[C[C[C[C[C[C[C[C[C[C[C[C[C[C[C[C[C[C[C[C[C[C[C[C[C[C[C[C[C[C[C[C[C[C[C[C[C[C[C[C[C[1P.git[1P.git[1P.git[1P.gitM.gitL.gitE.git-.gitt.git [A]0;navin@TIGER02539: /mnt/c/Users/navin.kodam/my_project[01;32mnavin@TIGER02539[00m:[01;34m/mnt/c/Users/navin.kodam/my_project[00m$ [C[C[C[C[C[C[C[C[C[C[C[C[C[C[C[C[C[C[C[C[C[C[C[C[C[C[C[C[C[C[C[C[C[C[C[C[C[C[C[C[C[C[C[C[C[C[C[C[C[C[C[C[C[C[C[C[C[C[C[C[C[Cr.git[A]0;navin@TIGER02539: /mnt/c/Users/navin.kodam/my_project[01;32mnavin@TIGER02539[00m:[01;34m/mnt/c/Users/navin.kodam/my_project[00m$ [C[C[C[C[C[C[C[C[C[C[C[C[C[C[C[C[C[C[C[C[C[C[C[C[C[C[C[C[C[C[C[C[C[C[C[C[C[C[C[C[C[C[C[C[C[C[C[C[C[C[C[C[C[C[C[C[C[C[C[C[C[C[C.git [K[A[C[C[C[C[C[C[C[C[C[C[C[C[C[C[C[C[C[C[C[C[C[C[C[C[C[C[C[C[C[C[C[C[C[C[C[C[C[C[C[C[C[C[C[C[C[C[C[C[C[C[C[C[C[C[C[C[C[C[C[C[C[C[C[C[C[C[C[C[C[C[C[C[C[C[C[C[C[C[C[C[C[C[C[C[C[C[C[C[C[C[C[C[C[C[C[C[C[C[C[C[C[C[C[C[C[C[C[C[C[C[C[C[C[C[C[C[1P.git
[K[A[C[C[C[C[C[C[C[C[C[C[C[C[C[C[C[C[C[C[C[C[C[C[C[C[C[C[C[C[C[C[C[C[C[C[C[C[C[C[C[C[C[C[C[C[C[C[C[C[C[C[C[C[C[C[C[C[C[C[C[C[C[C[C[C[C[C[C[C[C[C[C[C[C[C[C[C[C[C[C[C[C[C[C[C[C[C[C[C[C[C[C[C[C[C[C[C[C[C[C[C[C[C[C[C[C[C[C[C[C[C[C[C[C[C[CT.git [A]0;navin@TIGER02539: /mnt/c/Users/navin.kodam/my_project[01;32mnavin@TIGER02539[00m:[01;34m/mnt/c/Users/navin.kodam/my_project[00m$ [C[C[C[C[C[C[C[C[C[C[C[C[C[C[C[C[C[C[C[C[C[C[C[C[C[C[C[C[C[C[C[C[C[C[C[C[C[C[C[C[C[C[C[C[C[C[C[C[C[C[C[C[C[C[C[C[C[C[C[C[C[Cr.git[A]0;navin@TIGER02539: /mnt/c/Users/navin.kodam/my_project[01;32mnavin@TIGER02539[00m:[01;34m/mnt/c/Users/navin.kodam/my_project[00m$ [C[C[C[C[C[C[C[C[C[C[C[C[C[C[C[C[C[C[C[C[C[C[C[C[C[C[C[C[C[C[C[C[C[C[C[C[C[C[C[C[C[C[C[C[C[C[C[C[C[C[C[C[C[C[C[C[C[C[C[C[C[C[Ca.git[A]0;navin@TIGER02539: /mnt/c/Users/navin.kodam/my_project[01;32mnavin@TIGER02539[00m:[01;34m/mnt/c/Users/navin.kodam/my_project[00m$ [C[C[C[C[C[C[C[C[C[C[C[C[C[C[C[C[C[C[C[C[C[C[C[C[C[C[C[C[C[C[C[C[C[C[C[C[C[C[C[C[C[C[C[C[C[C[C[C[C[C[C[C[C[C[C[C[C[C[C[C[C[C[C[Ci.git[A]0;navin@TIGER02539: /mnt/c/Users/navin.kodam/my_project[01;32mnavin@TIGER02539[00m:[01;34m/mnt/c/Users/navin.kodam/my_project[00m$ [C[C[C[C[C[C[C[C[C[C[C[C[C[C[C[C[C[C[C[C[C[C[C[C[C[C[C[C[C[C[C[C[C[C[C[C[C[C[C[C[C[C[C[C[C[C[C[C[C[C[C[C[C[C[C[C[C[C[C[C[C[C[C[C[Cn.giti.git[Cn.git[C[Cg.git[C[C[C[C
]0;navin@TIGER02539: /mnt/c/Users/navin.kodam/my_project[01;32mnavin@TIGER02539[00m:[01;34m/mnt/c/Users/navin.kodam/my_project[00m$ git remote set-url origin https://github.com/navin-tiger/MLE-Training.git[A]0;navin@TIGER02539: /mnt/c/Users/navin.kodam/my_project[01;32mnavin@TIGER02539[00m:[01;34m/mnt/c/Users/navin.kodam/my_project[00m$ [K
[K[A[C[C[C[C[C[C[C[C[C[C[C[C[C[C[C[C[C[C[C[C[C[C[C[C[C[C[C[C[C[C[C[C[C[C[C[C[C[C[C[C[C[C[C[C[C[C[C[C[C[C[C[C[C[Cgit remote set-url origin https://github.com/navin-tiger/my_first_project.git[A]0;navin@TIGER02539: /mnt/c/Users/navin.kodam/my_project[01;32mnavin@TIGER02539[00m:[01;34m/mnt/c/Users/navin.kodam/my_project[00m$ [C[C[C[C[41Ppush -u origin master
[K[A[C[C[C[C[C[C[C[C[C[C[C[C[C[C[C[C[C[C[C[C[C[C[C[C[C[C[C[C[C[C[C[C[C[C[C[C[C[C[C[C[C[C[C[C[C[C[C[C[C[C[C[C[C[C[C[C[C[C[C[C[C[C[C[C[C[C[C[C[C[C[C[C[C[C[C[C[C[C[C[3P[C[C[C[C[C[C[C[C[C[C[C[C[C[9Premote -vpush origin master[3@-u [C[C[C[C[C[C[C[C[C[C[C[C[C[3P[C[C[C[C[C[C[C[C[C[C[C[C[C[9Premote -v
origin	https://github.com/navin-tiger/MLE-Training.git (fetch)
origin	https://github.com/navin-tiger/MLE-Training.git (push)
]0;navin@TIGER02539: /mnt/c/Users/navin.kodam/my_project[01;32mnavin@TIGER02539[00m:[01;34m/mnt/c/Users/navin.kodam/my_project[00m$ git remote -vset-url origin https://github.com/navin-tiger/MLE-Training.git[A]0;navin@TIGER02539: /mnt/c/Users/navin.kodam/my_project[01;32mnavin@TIGER02539[00m:[01;34m/mnt/c/Users/navin.kodam/my_project[00m$ [K
[K[A[C[C[C[C[C[C[C[C[C[C[C[C[C[C[C[C[C[C[C[C[C[C[C[C[C[C[C[C[C[C[C[C[C[C[C[C[C[C[C[C[C[C[C[C[C[C[C[C[C[C[C[C[C[Cgit remote set-url origin https://github.com/navin-tiger/my_first_project.git[A]0;navin@TIGER02539: /mnt/c/Users/navin.kodam/my_project[01;32mnavin@TIGER02539[00m:[01;34m/mnt/c/Users/navin.kodam/my_project[00m$ [C[C[C[C[41Ppush -u origin master
[K[A[C[C[C[C[C[C[C[C[C[C[C[C[C[C[C[C[C[C[C[C[C[C[C[C[C[C[C[C[C[C[C[C[C[C[C[C[C[C[C[C[C[C[C[C[C[C[C[C[C[C[C[C[C[C[C[C[C[C[C[C[C[C[C[C[C[C[C[C[C[C[C[C[C[C[C[C[C[C[C[3P[C[C[C[C[C[C[C[C[C[C[C[C[C[3@-u [C[C[C[C[C[C[C[C[C[C[C[C[C
Username for 'https://github.com': navin-tiger
Password for 'https://navin-tiger@github.com': 
remote: Support for password authentication was removed on August 13, 2021. Please use a personal access token instead.
remote: Please see https://github.blog/2020-12-15-token-authentication-requirements-for-git-operations/ for more information.
fatal: Authentication failed for 'https://github.com/navin-tiger/MLE-Training.git/'
]0;navin@TIGER02539: /mnt/c/Users/navin.kodam/my_project[01;32mnavin@TIGER02539[00m:[01;34m/mnt/c/Users/navin.kodam/my_project[00m$ exit
exit

Script done on 2022-05-30 19:41:16+05:30 [COMMAND_EXIT_CODE="128"]
